[SVG_STYLES] <svg>
  inherited:     fill=GenericSVGPaint { kind: Color(Absolute(AbsoluteColor { components: ColorComponents(0.0, 0.5019608, 0.0), alpha: 1.0, color_space: Srgb, flags: ColorFlags(16) })), fallback: Unset }
                 fill_opacity=Opacity(1.0)
                 fill_rule=Nonzero
                 stroke=GenericSVGPaint { kind: Color(Absolute(AbsoluteColor { components: ColorComponents(1.0, 0.0, 0.0), alpha: 1.0, color_space: Srgb, flags: ColorFlags(16) })), fallback: Unset }
                 stroke_width=LengthPercentage(NonNegative(Length(4.0 px)))
                 stroke_opacity=Opacity(1.0)
                 stroke_linecap=Butt
                 stroke_linejoin=Miter
                 stroke_miterlimit=NonNegative(4.0)
                 stroke_dasharray=Values([])
                 stroke_dashoffset=LengthPercentage(Length(0.0 px))
                 clip_rule=Nonzero
                 paint_order=SVGPaintOrder(0)
                 text_anchor=Start
                 color_interpolation=Srgb
                 color_interpolation_filters=Linearrgb
                 shape_rendering=Auto
                 marker_start=None
                 marker_mid=None
                 marker_end=None
  svg:           cx=Length(0.0 px) cy=Length(0.0 px) r=NonNegative(Length(0.0 px)) rx=Auto ry=Auto x=Length(0.0 px) y=Length(0.0 px)
                 d=None
                 vector_effect=VectorEffect(0)
                 flood_color=Absolute(AbsoluteColor { components: ColorComponents(0.0, 0.0, 0.0), alpha: 1.0, color_space: Srgb, flags: ColorFlags(16) })
                 flood_opacity=1.0
                 lighting_color=Absolute(AbsoluteColor { components: ColorComponents(1.0, 1.0, 1.0), alpha: 1.0, color_space: Srgb, flags: ColorFlags(16) })
                 stop_color=Absolute(AbsoluteColor { components: ColorComponents(0.0, 0.0, 0.0), alpha: 1.0, color_space: Srgb, flags: ColorFlags(16) }) stop_opacity=1.0
                 clip_path=None
                 mask_image=OwnedList([none]) mask_type=Luminance mask_mode=OwnedList([MatchSource])
                 mask_clip=OwnedList([BorderBox]) mask_origin=OwnedList([BorderBox]) mask_composite=OwnedList([Add])
                 mask_position_x=OwnedList([Percentage(Percentage(0.0))]) mask_position_y=OwnedList([Percentage(Percentage(0.0))])
                 mask_repeat=OwnedList([BackgroundRepeat(Repeat, Repeat)]) mask_size=OwnedList([ExplicitSize { width: Auto, height: Auto }])
  inherited_box: dominant_baseline=Auto visibility=Visible
                 direction=Ltr writing_mode=HorizontalTb
  box:           alignment_baseline=Baseline baseline_shift=Length(Length(0.0 px))
                 display=Display(258) overflow_x=Visible overflow_y=Visible
  inherited_text: text_rendering=Auto color=AbsoluteColor { components: ColorComponents(0.0, 0.0, 0.0), alpha: 1.0, color_space: Srgb, flags: ColorFlags(16) }
                 word_spacing=Length(0.0 px) letter_spacing=GenericLetterSpacing(Length(0.0 px))
  text:          unicode_bidi=Normal text_decoration_line=TextDecorationLine(0)
                 text_overflow=TextOverflow { first: Clip, second: Clip, sides_are_logical: true }
  font:          font_family=FontFamily { families: FontFamilyList { list: ArcSlice(HeaderSlice { header: 17578661999652631539, slice: [Generic(Serif)] }) }, is_system_font: false, is_initial: false } font_size=FontSize { computed_size: NonNegative(16.0 px), used_size: NonNegative(16.0 px), keyword_info: KeywordInfo { kw: Medium, factor: 1.0, offset: 0.0 px } }
                 font_stretch=FontStretch(FixedPoint { value: 6400 }) font_style=FontStyle(FixedPoint { value: 0 })
                 font_weight=FontWeight(FixedPoint { value: 25600 })
  inherited_ui:  cursor=GenericCursor { images: [], keyword: Auto } pointer_events=Auto
  effects:       filter=OwnedList([]) opacity=1.0
  position:      width=LengthPercentage(NonNegative(Length(700.0 px))) height=LengthPercentage(NonNegative(Length(300.0 px)))
[SVG_STYLES] <svg>
  inherited:     fill=GenericSVGPaint { kind: Color(Absolute(AbsoluteColor { components: ColorComponents(0.0, 0.5019608, 0.0), alpha: 1.0, color_space: Srgb, flags: ColorFlags(16) })), fallback: Unset }
                 fill_opacity=Opacity(1.0)
                 fill_rule=Nonzero
                 stroke=GenericSVGPaint { kind: None, fallback: Unset }
                 stroke_width=LengthPercentage(NonNegative(Length(1.0 px)))
                 stroke_opacity=Opacity(1.0)
                 stroke_linecap=Butt
                 stroke_linejoin=Miter
                 stroke_miterlimit=NonNegative(4.0)
                 stroke_dasharray=Values([])
                 stroke_dashoffset=LengthPercentage(Length(0.0 px))
                 clip_rule=Nonzero
                 paint_order=SVGPaintOrder(0)
                 text_anchor=End
                 color_interpolation=Auto
                 color_interpolation_filters=Auto
                 shape_rendering=Auto
                 marker_start=None
                 marker_mid=None
                 marker_end=None
  svg:           cx=Length(0.0 px) cy=Length(0.0 px) r=NonNegative(Length(0.0 px)) rx=Auto ry=Auto x=Length(0.0 px) y=Length(0.0 px)
                 d=None
                 vector_effect=VectorEffect(0)
                 flood_color=Absolute(AbsoluteColor { components: ColorComponents(0.0, 0.0, 0.0), alpha: 1.0, color_space: Srgb, flags: ColorFlags(16) })
                 flood_opacity=1.0
                 lighting_color=Absolute(AbsoluteColor { components: ColorComponents(1.0, 1.0, 1.0), alpha: 1.0, color_space: Srgb, flags: ColorFlags(16) })
                 stop_color=Absolute(AbsoluteColor { components: ColorComponents(0.0, 0.0, 0.0), alpha: 1.0, color_space: Srgb, flags: ColorFlags(16) }) stop_opacity=1.0
                 clip_path=None
                 mask_image=OwnedList([none]) mask_type=Luminance mask_mode=OwnedList([MatchSource])
                 mask_clip=OwnedList([BorderBox]) mask_origin=OwnedList([BorderBox]) mask_composite=OwnedList([Add])
                 mask_position_x=OwnedList([Percentage(Percentage(0.0))]) mask_position_y=OwnedList([Percentage(Percentage(0.0))])
                 mask_repeat=OwnedList([BackgroundRepeat(Repeat, Repeat)]) mask_size=OwnedList([ExplicitSize { width: Auto, height: Auto }])
  inherited_box: dominant_baseline=Auto visibility=Visible
                 direction=Ltr writing_mode=HorizontalTb
  box:           alignment_baseline=Baseline baseline_shift=Length(Length(0.0 px))
                 display=Display(258) overflow_x=Visible overflow_y=Visible
  inherited_text: text_rendering=Auto color=AbsoluteColor { components: ColorComponents(0.0, 0.0, 0.0), alpha: 1.0, color_space: Srgb, flags: ColorFlags(16) }
                 word_spacing=Length(0.0 px) letter_spacing=GenericLetterSpacing(Length(0.0 px))
  text:          unicode_bidi=Normal text_decoration_line=TextDecorationLine(0)
                 text_overflow=TextOverflow { first: Clip, second: Clip, sides_are_logical: true }
  font:          font_family=FontFamily { families: FontFamilyList { list: ArcSlice(HeaderSlice { header: 17578661999652631539, slice: [Generic(Serif)] }) }, is_system_font: false, is_initial: false } font_size=FontSize { computed_size: NonNegative(80.0 px), used_size: NonNegative(80.0 px), keyword_info: KeywordInfo { kw: None, factor: 1.0, offset: 0.0 px } }
                 font_stretch=FontStretch(FixedPoint { value: 6400 }) font_style=FontStyle(FixedPoint { value: 0 })
                 font_weight=FontWeight(FixedPoint { value: 25600 })
  inherited_ui:  cursor=GenericCursor { images: [], keyword: Auto } pointer_events=Auto
  effects:       filter=OwnedList([]) opacity=0.9
  position:      width=LengthPercentage(NonNegative(Length(700.0 px))) height=LengthPercentage(NonNegative(Length(500.0 px)))
[SVG_STYLES] <defs>
  inherited:     fill=GenericSVGPaint { kind: Color(Absolute(AbsoluteColor { components: ColorComponents(0.0, 0.5019608, 0.0), alpha: 1.0, color_space: Srgb, flags: ColorFlags(16) })), fallback: Unset }
                 fill_opacity=Opacity(1.0)
                 fill_rule=Nonzero
                 stroke=GenericSVGPaint { kind: Color(Absolute(AbsoluteColor { components: ColorComponents(1.0, 0.0, 0.0), alpha: 1.0, color_space: Srgb, flags: ColorFlags(16) })), fallback: Unset }
                 stroke_width=LengthPercentage(NonNegative(Length(4.0 px)))
                 stroke_opacity=Opacity(1.0)
                 stroke_linecap=Butt
                 stroke_linejoin=Miter
                 stroke_miterlimit=NonNegative(4.0)
                 stroke_dasharray=Values([])
                 stroke_dashoffset=LengthPercentage(Length(0.0 px))
                 clip_rule=Nonzero
                 paint_order=SVGPaintOrder(0)
                 text_anchor=Start
                 color_interpolation=Srgb
                 color_interpolation_filters=Linearrgb
                 shape_rendering=Auto
                 marker_start=None
                 marker_mid=None
                 marker_end=None
  svg:           cx=Length(0.0 px) cy=Length(0.0 px) r=NonNegative(Length(0.0 px)) rx=Auto ry=Auto x=Length(0.0 px) y=Length(0.0 px)
                 d=None
                 vector_effect=VectorEffect(0)
                 flood_color=Absolute(AbsoluteColor { components: ColorComponents(0.0, 0.0, 0.0), alpha: 1.0, color_space: Srgb, flags: ColorFlags(16) })
                 flood_opacity=1.0
                 lighting_color=Absolute(AbsoluteColor { components: ColorComponents(1.0, 1.0, 1.0), alpha: 1.0, color_space: Srgb, flags: ColorFlags(16) })
                 stop_color=Absolute(AbsoluteColor { components: ColorComponents(0.0, 0.0, 0.0), alpha: 1.0, color_space: Srgb, flags: ColorFlags(16) }) stop_opacity=1.0
                 clip_path=None
                 mask_image=OwnedList([none]) mask_type=Luminance mask_mode=OwnedList([MatchSource])
                 mask_clip=OwnedList([BorderBox]) mask_origin=OwnedList([BorderBox]) mask_composite=OwnedList([Add])
                 mask_position_x=OwnedList([Percentage(Percentage(0.0))]) mask_position_y=OwnedList([Percentage(Percentage(0.0))])
                 mask_repeat=OwnedList([BackgroundRepeat(Repeat, Repeat)]) mask_size=OwnedList([ExplicitSize { width: Auto, height: Auto }])
  inherited_box: dominant_baseline=Auto visibility=Visible
                 direction=Ltr writing_mode=HorizontalTb
  box:           alignment_baseline=Baseline baseline_shift=Length(Length(0.0 px))
                 display=Display(0) overflow_x=Visible overflow_y=Visible
  inherited_text: text_rendering=Auto color=AbsoluteColor { components: ColorComponents(0.0, 0.0, 0.0), alpha: 1.0, color_space: Srgb, flags: ColorFlags(16) }
                 word_spacing=Length(0.0 px) letter_spacing=GenericLetterSpacing(Length(0.0 px))
  text:          unicode_bidi=Normal text_decoration_line=TextDecorationLine(0)
                 text_overflow=TextOverflow { first: Clip, second: Clip, sides_are_logical: true }
  font:          font_family=FontFamily { families: FontFamilyList { list: ArcSlice(HeaderSlice { header: 17578661999652631539, slice: [Generic(Serif)] }) }, is_system_font: false, is_initial: false } font_size=FontSize { computed_size: NonNegative(16.0 px), used_size: NonNegative(16.0 px), keyword_info: KeywordInfo { kw: Medium, factor: 1.0, offset: 0.0 px } }
                 font_stretch=FontStretch(FixedPoint { value: 6400 }) font_style=FontStyle(FixedPoint { value: 0 })
                 font_weight=FontWeight(FixedPoint { value: 25600 })
  inherited_ui:  cursor=GenericCursor { images: [], keyword: Auto } pointer_events=Auto
  effects:       filter=OwnedList([]) opacity=1.0
  position:      width=Auto height=Auto
[SVG_STYLES] <polyline>
  inherited:     fill=GenericSVGPaint { kind: Color(Absolute(AbsoluteColor { components: ColorComponents(0.0, 0.5019608, 0.0), alpha: 1.0, color_space: Srgb, flags: ColorFlags(16) })), fallback: Unset }
                 fill_opacity=Opacity(1.0)
                 fill_rule=Nonzero
                 stroke=GenericSVGPaint { kind: Color(Absolute(AbsoluteColor { components: ColorComponents(1.0, 0.0, 0.0), alpha: 1.0, color_space: Srgb, flags: ColorFlags(16) })), fallback: Unset }
                 stroke_width=LengthPercentage(NonNegative(Length(4.0 px)))
                 stroke_opacity=Opacity(1.0)
                 stroke_linecap=Butt
                 stroke_linejoin=Miter
                 stroke_miterlimit=NonNegative(4.0)
                 stroke_dasharray=Values([])
                 stroke_dashoffset=LengthPercentage(Length(0.0 px))
                 clip_rule=Nonzero
                 paint_order=SVGPaintOrder(0)
                 text_anchor=Start
                 color_interpolation=Srgb
                 color_interpolation_filters=Linearrgb
                 shape_rendering=Auto
                 marker_start=None
                 marker_mid=None
                 marker_end=None
  svg:           cx=Length(0.0 px) cy=Length(0.0 px) r=NonNegative(Length(0.0 px)) rx=Auto ry=Auto x=Length(0.0 px) y=Length(0.0 px)
                 d=None
                 vector_effect=VectorEffect(0)
                 flood_color=Absolute(AbsoluteColor { components: ColorComponents(0.0, 0.0, 0.0), alpha: 1.0, color_space: Srgb, flags: ColorFlags(16) })
                 flood_opacity=1.0
                 lighting_color=Absolute(AbsoluteColor { components: ColorComponents(1.0, 1.0, 1.0), alpha: 1.0, color_space: Srgb, flags: ColorFlags(16) })
                 stop_color=Absolute(AbsoluteColor { components: ColorComponents(0.0, 0.0, 0.0), alpha: 1.0, color_space: Srgb, flags: ColorFlags(16) }) stop_opacity=1.0
                 clip_path=None
                 mask_image=OwnedList([none]) mask_type=Luminance mask_mode=OwnedList([MatchSource])
                 mask_clip=OwnedList([BorderBox]) mask_origin=OwnedList([BorderBox]) mask_composite=OwnedList([Add])
                 mask_position_x=OwnedList([Percentage(Percentage(0.0))]) mask_position_y=OwnedList([Percentage(Percentage(0.0))])
                 mask_repeat=OwnedList([BackgroundRepeat(Repeat, Repeat)]) mask_size=OwnedList([ExplicitSize { width: Auto, height: Auto }])
  inherited_box: dominant_baseline=Auto visibility=Visible
                 direction=Ltr writing_mode=HorizontalTb
  box:           alignment_baseline=Baseline baseline_shift=Length(Length(0.0 px))
                 display=Display(0) overflow_x=Visible overflow_y=Visible
  inherited_text: text_rendering=Auto color=AbsoluteColor { components: ColorComponents(0.0, 0.0, 0.0), alpha: 1.0, color_space: Srgb, flags: ColorFlags(16) }
                 word_spacing=Length(0.0 px) letter_spacing=GenericLetterSpacing(Length(0.0 px))
  text:          unicode_bidi=Normal text_decoration_line=TextDecorationLine(0)
                 text_overflow=TextOverflow { first: Clip, second: Clip, sides_are_logical: true }
  font:          font_family=FontFamily { families: FontFamilyList { list: ArcSlice(HeaderSlice { header: 17578661999652631539, slice: [Generic(Serif)] }) }, is_system_font: false, is_initial: false } font_size=FontSize { computed_size: NonNegative(16.0 px), used_size: NonNegative(16.0 px), keyword_info: KeywordInfo { kw: Medium, factor: 1.0, offset: 0.0 px } }
                 font_stretch=FontStretch(FixedPoint { value: 6400 }) font_style=FontStyle(FixedPoint { value: 0 })
                 font_weight=FontWeight(FixedPoint { value: 25600 })
  inherited_ui:  cursor=GenericCursor { images: [], keyword: Auto } pointer_events=Auto
  effects:       filter=OwnedList([]) opacity=1.0
  position:      width=Auto height=Auto
[SVG_STYLES] <polyline>
  inherited:     fill=GenericSVGPaint { kind: Color(Absolute(AbsoluteColor { components: ColorComponents(1.0, 0.0, 0.0), alpha: 1.0, color_space: Srgb, flags: ColorFlags(16) })), fallback: Unset }
                 fill_opacity=Opacity(0.4)
                 fill_rule=Evenodd
                 stroke=GenericSVGPaint { kind: Color(Absolute(AbsoluteColor { components: ColorComponents(0.0, 0.5019608, 0.0), alpha: 1.0, color_space: Srgb, flags: ColorFlags(16) })), fallback: Unset }
                 stroke_width=LengthPercentage(NonNegative(Length(8.0 px)))
                 stroke_opacity=Opacity(0.6)
                 stroke_linecap=Round
                 stroke_linejoin=Round
                 stroke_miterlimit=NonNegative(2.0)
                 stroke_dasharray=Values([NonNegative(Length(10.0 px)), NonNegative(Length(5.0 px))])
                 stroke_dashoffset=LengthPercentage(Length(3.0 px))
                 clip_rule=Nonzero
                 paint_order=SVGPaintOrder(0)
                 text_anchor=Start
                 color_interpolation=Srgb
                 color_interpolation_filters=Linearrgb
                 shape_rendering=Auto
                 marker_start=Url(Valid(Url { scheme: "file", cannot_be_a_base: false, username: "", password: None, host: None, port: None, path: "/D:/Projects/servo/svg_architecture_docs/WIKI/svg2_chapter_13_painting.html", query: None, fragment: Some("red-circle") }))
                 marker_mid=Url(Valid(Url { scheme: "file", cannot_be_a_base: false, username: "", password: None, host: None, port: None, path: "/D:/Projects/servo/svg_architecture_docs/WIKI/svg2_chapter_13_painting.html", query: None, fragment: Some("green-circle") }))
                 marker_end=Url(Valid(Url { scheme: "file", cannot_be_a_base: false, username: "", password: None, host: None, port: None, path: "/D:/Projects/servo/svg_architecture_docs/WIKI/svg2_chapter_13_painting.html", query: None, fragment: Some("blue-circle") }))
  svg:           cx=Length(0.0 px) cy=Length(0.0 px) r=NonNegative(Length(0.0 px)) rx=Auto ry=Auto x=Length(0.0 px) y=Length(0.0 px)
                 d=None
                 vector_effect=VectorEffect(0)
                 flood_color=Absolute(AbsoluteColor { components: ColorComponents(0.0, 0.0, 0.0), alpha: 1.0, color_space: Srgb, flags: ColorFlags(16) })
                 flood_opacity=1.0
                 lighting_color=Absolute(AbsoluteColor { components: ColorComponents(1.0, 1.0, 1.0), alpha: 1.0, color_space: Srgb, flags: ColorFlags(16) })
                 stop_color=Absolute(AbsoluteColor { components: ColorComponents(0.0, 0.0, 0.0), alpha: 1.0, color_space: Srgb, flags: ColorFlags(16) }) stop_opacity=1.0
                 clip_path=None
                 mask_image=OwnedList([none]) mask_type=Luminance mask_mode=OwnedList([MatchSource])
                 mask_clip=OwnedList([BorderBox]) mask_origin=OwnedList([BorderBox]) mask_composite=OwnedList([Add])
                 mask_position_x=OwnedList([Percentage(Percentage(0.0))]) mask_position_y=OwnedList([Percentage(Percentage(0.0))])
                 mask_repeat=OwnedList([BackgroundRepeat(Repeat, Repeat)]) mask_size=OwnedList([ExplicitSize { width: Auto, height: Auto }])
  inherited_box: dominant_baseline=Auto visibility=Visible
                 direction=Ltr writing_mode=HorizontalTb
  box:           alignment_baseline=Baseline baseline_shift=Length(Length(0.0 px))
                 display=Display(0) overflow_x=Visible overflow_y=Visible
  inherited_text: text_rendering=Auto color=AbsoluteColor { components: ColorComponents(0.0, 0.0, 0.0), alpha: 1.0, color_space: Srgb, flags: ColorFlags(16) }
                 word_spacing=Length(0.0 px) letter_spacing=GenericLetterSpacing(Length(0.0 px))
  text:          unicode_bidi=Normal text_decoration_line=TextDecorationLine(0)
                 text_overflow=TextOverflow { first: Clip, second: Clip, sides_are_logical: true }
  font:          font_family=FontFamily { families: FontFamilyList { list: ArcSlice(HeaderSlice { header: 17578661999652631539, slice: [Generic(Serif)] }) }, is_system_font: false, is_initial: false } font_size=FontSize { computed_size: NonNegative(16.0 px), used_size: NonNegative(16.0 px), keyword_info: KeywordInfo { kw: Medium, factor: 1.0, offset: 0.0 px } }
                 font_stretch=FontStretch(FixedPoint { value: 6400 }) font_style=FontStyle(FixedPoint { value: 0 })
                 font_weight=FontWeight(FixedPoint { value: 25600 })
  inherited_ui:  cursor=GenericCursor { images: [], keyword: Auto } pointer_events=Auto
  effects:       filter=OwnedList([]) opacity=1.0
  position:      width=Auto height=Auto
[SVG_STYLES] <defs>
  inherited:     fill=GenericSVGPaint { kind: Color(Absolute(AbsoluteColor { components: ColorComponents(0.0, 0.5019608, 0.0), alpha: 1.0, color_space: Srgb, flags: ColorFlags(16) })), fallback: Unset }
                 fill_opacity=Opacity(1.0)
                 fill_rule=Nonzero
                 stroke=GenericSVGPaint { kind: None, fallback: Unset }
                 stroke_width=LengthPercentage(NonNegative(Length(1.0 px)))
                 stroke_opacity=Opacity(1.0)
                 stroke_linecap=Butt
                 stroke_linejoin=Miter
                 stroke_miterlimit=NonNegative(4.0)
                 stroke_dasharray=Values([])
                 stroke_dashoffset=LengthPercentage(Length(0.0 px))
                 clip_rule=Nonzero
                 paint_order=SVGPaintOrder(0)
                 text_anchor=End
                 color_interpolation=Auto
                 color_interpolation_filters=Auto
                 shape_rendering=Auto
                 marker_start=None
                 marker_mid=None
                 marker_end=None
  svg:           cx=Length(0.0 px) cy=Length(0.0 px) r=NonNegative(Length(0.0 px)) rx=Auto ry=Auto x=Length(0.0 px) y=Length(0.0 px)
                 d=None
                 vector_effect=VectorEffect(0)
                 flood_color=Absolute(AbsoluteColor { components: ColorComponents(0.0, 0.0, 0.0), alpha: 1.0, color_space: Srgb, flags: ColorFlags(16) })
                 flood_opacity=1.0
                 lighting_color=Absolute(AbsoluteColor { components: ColorComponents(1.0, 1.0, 1.0), alpha: 1.0, color_space: Srgb, flags: ColorFlags(16) })
                 stop_color=Absolute(AbsoluteColor { components: ColorComponents(0.0, 0.0, 0.0), alpha: 1.0, color_space: Srgb, flags: ColorFlags(16) }) stop_opacity=1.0
                 clip_path=None
                 mask_image=OwnedList([none]) mask_type=Luminance mask_mode=OwnedList([MatchSource])
                 mask_clip=OwnedList([BorderBox]) mask_origin=OwnedList([BorderBox]) mask_composite=OwnedList([Add])
                 mask_position_x=OwnedList([Percentage(Percentage(0.0))]) mask_position_y=OwnedList([Percentage(Percentage(0.0))])
                 mask_repeat=OwnedList([BackgroundRepeat(Repeat, Repeat)]) mask_size=OwnedList([ExplicitSize { width: Auto, height: Auto }])
  inherited_box: dominant_baseline=Auto visibility=Visible
                 direction=Ltr writing_mode=HorizontalTb
  box:           alignment_baseline=Baseline baseline_shift=Length(Length(0.0 px))
                 display=Display(0) overflow_x=Visible overflow_y=Visible
  inherited_text: text_rendering=Auto color=AbsoluteColor { components: ColorComponents(0.0, 0.0, 0.0), alpha: 1.0, color_space: Srgb, flags: ColorFlags(16) }
                 word_spacing=Length(0.0 px) letter_spacing=GenericLetterSpacing(Length(0.0 px))
  text:          unicode_bidi=Normal text_decoration_line=TextDecorationLine(0)
                 text_overflow=TextOverflow { first: Clip, second: Clip, sides_are_logical: true }
  font:          font_family=FontFamily { families: FontFamilyList { list: ArcSlice(HeaderSlice { header: 17578661999652631539, slice: [Generic(Serif)] }) }, is_system_font: false, is_initial: false } font_size=FontSize { computed_size: NonNegative(80.0 px), used_size: NonNegative(80.0 px), keyword_info: KeywordInfo { kw: None, factor: 1.0, offset: 0.0 px } }
                 font_stretch=FontStretch(FixedPoint { value: 6400 }) font_style=FontStyle(FixedPoint { value: 0 })
                 font_weight=FontWeight(FixedPoint { value: 25600 })
  inherited_ui:  cursor=GenericCursor { images: [], keyword: Auto } pointer_events=Auto
  effects:       filter=OwnedList([]) opacity=1.0
  position:      width=Auto height=Auto
[SVG_STYLES] <rect>
  inherited:     fill=GenericSVGPaint { kind: PaintServer(Valid(Url { scheme: "file", cannot_be_a_base: false, username: "", password: None, host: None, port: None, path: "/D:/Projects/servo/svg_architecture_docs/WIKI/svg2_chapter_13_painting.html", query: None, fragment: Some("g1") })), fallback: Unset }
                 fill_opacity=Opacity(1.0)
                 fill_rule=Nonzero
                 stroke=GenericSVGPaint { kind: None, fallback: Unset }
                 stroke_width=LengthPercentage(NonNegative(Length(1.0 px)))
                 stroke_opacity=Opacity(1.0)
                 stroke_linecap=Butt
                 stroke_linejoin=Miter
                 stroke_miterlimit=NonNegative(4.0)
                 stroke_dasharray=Values([])
                 stroke_dashoffset=LengthPercentage(Length(0.0 px))
                 clip_rule=Nonzero
                 paint_order=SVGPaintOrder(0)
                 text_anchor=End
                 color_interpolation=Auto
                 color_interpolation_filters=Auto
                 shape_rendering=Auto
                 marker_start=None
                 marker_mid=None
                 marker_end=None
  svg:           cx=Length(0.0 px) cy=Length(0.0 px) r=NonNegative(Length(0.0 px)) rx=Auto ry=Auto x=Length(0.0 px) y=Length(0.0 px)
                 d=None
                 vector_effect=VectorEffect(0)
                 flood_color=Absolute(AbsoluteColor { components: ColorComponents(0.0, 0.0, 0.0), alpha: 1.0, color_space: Srgb, flags: ColorFlags(16) })
                 flood_opacity=1.0
                 lighting_color=Absolute(AbsoluteColor { components: ColorComponents(1.0, 1.0, 1.0), alpha: 1.0, color_space: Srgb, flags: ColorFlags(16) })
                 stop_color=Absolute(AbsoluteColor { components: ColorComponents(0.0, 0.0, 0.0), alpha: 1.0, color_space: Srgb, flags: ColorFlags(16) }) stop_opacity=1.0
                 clip_path=None
                 mask_image=OwnedList([none]) mask_type=Luminance mask_mode=OwnedList([MatchSource])
                 mask_clip=OwnedList([BorderBox]) mask_origin=OwnedList([BorderBox]) mask_composite=OwnedList([Add])
                 mask_position_x=OwnedList([Percentage(Percentage(0.0))]) mask_position_y=OwnedList([Percentage(Percentage(0.0))])
                 mask_repeat=OwnedList([BackgroundRepeat(Repeat, Repeat)]) mask_size=OwnedList([ExplicitSize { width: Auto, height: Auto }])
  inherited_box: dominant_baseline=Auto visibility=Visible
                 direction=Ltr writing_mode=HorizontalTb
  box:           alignment_baseline=Baseline baseline_shift=Length(Length(0.0 px))
                 display=Display(0) overflow_x=Visible overflow_y=Visible
  inherited_text: text_rendering=Auto color=AbsoluteColor { components: ColorComponents(0.0, 0.0, 0.0), alpha: 1.0, color_space: Srgb, flags: ColorFlags(16) }
                 word_spacing=Length(0.0 px) letter_spacing=GenericLetterSpacing(Length(0.0 px))
  text:          unicode_bidi=Normal text_decoration_line=TextDecorationLine(0)
                 text_overflow=TextOverflow { first: Clip, second: Clip, sides_are_logical: true }
  font:          font_family=FontFamily { families: FontFamilyList { list: ArcSlice(HeaderSlice { header: 17578661999652631539, slice: [Generic(Serif)] }) }, is_system_font: false, is_initial: false } font_size=FontSize { computed_size: NonNegative(80.0 px), used_size: NonNegative(80.0 px), keyword_info: KeywordInfo { kw: None, factor: 1.0, offset: 0.0 px } }
                 font_stretch=FontStretch(FixedPoint { value: 6400 }) font_style=FontStyle(FixedPoint { value: 0 })
                 font_weight=FontWeight(FixedPoint { value: 25600 })
  inherited_ui:  cursor=GenericCursor { images: [], keyword: Auto } pointer_events=Auto
  effects:       filter=OwnedList([]) opacity=1.0
  position:      width=Auto height=Auto
[SVG_STYLES] <rect>
  inherited:     fill=GenericSVGPaint { kind: PaintServer(Valid(Url { scheme: "file", cannot_be_a_base: false, username: "", password: None, host: None, port: None, path: "/D:/Projects/servo/svg_architecture_docs/WIKI/svg2_chapter_13_painting.html", query: None, fragment: Some("g2") })), fallback: Unset }
                 fill_opacity=Opacity(1.0)
                 fill_rule=Nonzero
                 stroke=GenericSVGPaint { kind: None, fallback: Unset }
                 stroke_width=LengthPercentage(NonNegative(Length(1.0 px)))
                 stroke_opacity=Opacity(1.0)
                 stroke_linecap=Butt
                 stroke_linejoin=Miter
                 stroke_miterlimit=NonNegative(4.0)
                 stroke_dasharray=Values([])
                 stroke_dashoffset=LengthPercentage(Length(0.0 px))
                 clip_rule=Nonzero
                 paint_order=SVGPaintOrder(0)
                 text_anchor=End
                 color_interpolation=Auto
                 color_interpolation_filters=Auto
                 shape_rendering=Crispedges
                 marker_start=None
                 marker_mid=None
                 marker_end=None
  svg:           cx=Length(0.0 px) cy=Length(0.0 px) r=NonNegative(Length(0.0 px)) rx=Auto ry=Auto x=Length(0.0 px) y=Length(0.0 px)
                 d=None
                 vector_effect=VectorEffect(0)
                 flood_color=Absolute(AbsoluteColor { components: ColorComponents(0.0, 0.0, 0.0), alpha: 1.0, color_space: Srgb, flags: ColorFlags(16) })
                 flood_opacity=1.0
                 lighting_color=Absolute(AbsoluteColor { components: ColorComponents(1.0, 1.0, 1.0), alpha: 1.0, color_space: Srgb, flags: ColorFlags(16) })
                 stop_color=Absolute(AbsoluteColor { components: ColorComponents(0.0, 0.0, 0.0), alpha: 1.0, color_space: Srgb, flags: ColorFlags(16) }) stop_opacity=1.0
                 clip_path=None
                 mask_image=OwnedList([none]) mask_type=Luminance mask_mode=OwnedList([MatchSource])
                 mask_clip=OwnedList([BorderBox]) mask_origin=OwnedList([BorderBox]) mask_composite=OwnedList([Add])
                 mask_position_x=OwnedList([Percentage(Percentage(0.0))]) mask_position_y=OwnedList([Percentage(Percentage(0.0))])
                 mask_repeat=OwnedList([BackgroundRepeat(Repeat, Repeat)]) mask_size=OwnedList([ExplicitSize { width: Auto, height: Auto }])
  inherited_box: dominant_baseline=Auto visibility=Visible
                 direction=Ltr writing_mode=HorizontalTb
  box:           alignment_baseline=Baseline baseline_shift=Length(Length(0.0 px))
                 display=Display(0) overflow_x=Visible overflow_y=Visible
  inherited_text: text_rendering=Auto color=AbsoluteColor { components: ColorComponents(0.0, 0.0, 0.0), alpha: 1.0, color_space: Srgb, flags: ColorFlags(16) }
                 word_spacing=Length(0.0 px) letter_spacing=GenericLetterSpacing(Length(0.0 px))
  text:          unicode_bidi=Normal text_decoration_line=TextDecorationLine(0)
                 text_overflow=TextOverflow { first: Clip, second: Clip, sides_are_logical: true }
  font:          font_family=FontFamily { families: FontFamilyList { list: ArcSlice(HeaderSlice { header: 17578661999652631539, slice: [Generic(Serif)] }) }, is_system_font: false, is_initial: false } font_size=FontSize { computed_size: NonNegative(80.0 px), used_size: NonNegative(80.0 px), keyword_info: KeywordInfo { kw: None, factor: 1.0, offset: 0.0 px } }
                 font_stretch=FontStretch(FixedPoint { value: 6400 }) font_style=FontStyle(FixedPoint { value: 0 })
                 font_weight=FontWeight(FixedPoint { value: 25600 })
  inherited_ui:  cursor=GenericCursor { images: [], keyword: Auto } pointer_events=Auto
  effects:       filter=OwnedList([]) opacity=1.0
  position:      width=Auto height=Auto
[SVG_STYLES] <g>
  inherited:     fill=GenericSVGPaint { kind: Color(Absolute(AbsoluteColor { components: ColorComponents(0.0, 0.5019608, 0.0), alpha: 1.0, color_space: Srgb, flags: ColorFlags(16) })), fallback: Unset }
                 fill_opacity=Opacity(1.0)
                 fill_rule=Nonzero
                 stroke=GenericSVGPaint { kind: None, fallback: Unset }
                 stroke_width=LengthPercentage(NonNegative(Length(1.0 px)))
                 stroke_opacity=Opacity(1.0)
                 stroke_linecap=Butt
                 stroke_linejoin=Miter
                 stroke_miterlimit=NonNegative(4.0)
                 stroke_dasharray=Values([])
                 stroke_dashoffset=LengthPercentage(Length(0.0 px))
                 clip_rule=Nonzero
                 paint_order=SVGPaintOrder(0)
                 text_anchor=End
                 color_interpolation=Auto
                 color_interpolation_filters=Auto
                 shape_rendering=Auto
                 marker_start=None
                 marker_mid=None
                 marker_end=None
  svg:           cx=Length(0.0 px) cy=Length(0.0 px) r=NonNegative(Length(0.0 px)) rx=Auto ry=Auto x=Length(0.0 px) y=Length(0.0 px)
                 d=None
                 vector_effect=VectorEffect(0)
                 flood_color=Absolute(AbsoluteColor { components: ColorComponents(0.0, 0.0, 0.0), alpha: 1.0, color_space: Srgb, flags: ColorFlags(16) })
                 flood_opacity=1.0
                 lighting_color=Absolute(AbsoluteColor { components: ColorComponents(1.0, 1.0, 1.0), alpha: 1.0, color_space: Srgb, flags: ColorFlags(16) })
                 stop_color=Absolute(AbsoluteColor { components: ColorComponents(0.0, 0.0, 0.0), alpha: 1.0, color_space: Srgb, flags: ColorFlags(16) }) stop_opacity=1.0
                 clip_path=None
                 mask_image=OwnedList([none]) mask_type=Luminance mask_mode=OwnedList([MatchSource])
                 mask_clip=OwnedList([BorderBox]) mask_origin=OwnedList([BorderBox]) mask_composite=OwnedList([Add])
                 mask_position_x=OwnedList([Percentage(Percentage(0.0))]) mask_position_y=OwnedList([Percentage(Percentage(0.0))])
                 mask_repeat=OwnedList([BackgroundRepeat(Repeat, Repeat)]) mask_size=OwnedList([ExplicitSize { width: Auto, height: Auto }])
  inherited_box: dominant_baseline=Auto visibility=Visible
                 direction=Ltr writing_mode=HorizontalTb
  box:           alignment_baseline=Baseline baseline_shift=Length(Length(0.0 px))
                 display=Display(0) overflow_x=Visible overflow_y=Visible
  inherited_text: text_rendering=Auto color=AbsoluteColor { components: ColorComponents(0.0, 0.0, 0.0), alpha: 1.0, color_space: Srgb, flags: ColorFlags(16) }
                 word_spacing=Length(0.0 px) letter_spacing=GenericLetterSpacing(Length(0.0 px))
  text:          unicode_bidi=Normal text_decoration_line=TextDecorationLine(0)
                 text_overflow=TextOverflow { first: Clip, second: Clip, sides_are_logical: true }
  font:          font_family=FontFamily { families: FontFamilyList { list: ArcSlice(HeaderSlice { header: 17578661999652631539, slice: [Generic(Serif)] }) }, is_system_font: false, is_initial: false } font_size=FontSize { computed_size: NonNegative(80.0 px), used_size: NonNegative(80.0 px), keyword_info: KeywordInfo { kw: None, factor: 1.0, offset: 0.0 px } }
                 font_stretch=FontStretch(FixedPoint { value: 6400 }) font_style=FontStyle(FixedPoint { value: 0 })
                 font_weight=FontWeight(FixedPoint { value: 25600 })
  inherited_ui:  cursor=GenericCursor { images: [], keyword: Auto } pointer_events=Auto
  effects:       filter=OwnedList([]) opacity=1.0
  position:      width=Auto height=Auto
[SVG_STYLES] <text>
  inherited:     fill=GenericSVGPaint { kind: Color(Absolute(AbsoluteColor { components: ColorComponents(0.0, 0.5019608, 0.0), alpha: 1.0, color_space: Srgb, flags: ColorFlags(16) })), fallback: Unset }
                 fill_opacity=Opacity(1.0)
                 fill_rule=Nonzero
                 stroke=GenericSVGPaint { kind: None, fallback: Unset }
                 stroke_width=LengthPercentage(NonNegative(Length(1.0 px)))
                 stroke_opacity=Opacity(1.0)
                 stroke_linecap=Butt
                 stroke_linejoin=Miter
                 stroke_miterlimit=NonNegative(4.0)
                 stroke_dasharray=Values([])
                 stroke_dashoffset=LengthPercentage(Length(0.0 px))
                 clip_rule=Nonzero
                 paint_order=SVGPaintOrder(0)
                 text_anchor=End
                 color_interpolation=Auto
                 color_interpolation_filters=Auto
                 shape_rendering=Auto
                 marker_start=None
                 marker_mid=None
                 marker_end=None
  svg:           cx=Length(0.0 px) cy=Length(0.0 px) r=NonNegative(Length(0.0 px)) rx=Auto ry=Auto x=Length(0.0 px) y=Length(0.0 px)
                 d=None
                 vector_effect=VectorEffect(0)
                 flood_color=Absolute(AbsoluteColor { components: ColorComponents(0.0, 0.0, 0.0), alpha: 1.0, color_space: Srgb, flags: ColorFlags(16) })
                 flood_opacity=1.0
                 lighting_color=Absolute(AbsoluteColor { components: ColorComponents(1.0, 1.0, 1.0), alpha: 1.0, color_space: Srgb, flags: ColorFlags(16) })
                 stop_color=Absolute(AbsoluteColor { components: ColorComponents(0.0, 0.0, 0.0), alpha: 1.0, color_space: Srgb, flags: ColorFlags(16) }) stop_opacity=1.0
                 clip_path=None
                 mask_image=OwnedList([none]) mask_type=Luminance mask_mode=OwnedList([MatchSource])
                 mask_clip=OwnedList([BorderBox]) mask_origin=OwnedList([BorderBox]) mask_composite=OwnedList([Add])
                 mask_position_x=OwnedList([Percentage(Percentage(0.0))]) mask_position_y=OwnedList([Percentage(Percentage(0.0))])
                 mask_repeat=OwnedList([BackgroundRepeat(Repeat, Repeat)]) mask_size=OwnedList([ExplicitSize { width: Auto, height: Auto }])
  inherited_box: dominant_baseline=Auto visibility=Visible
                 direction=Ltr writing_mode=HorizontalTb
  box:           alignment_baseline=Baseline baseline_shift=Length(Length(0.0 px))
                 display=Display(0) overflow_x=Visible overflow_y=Visible
  inherited_text: text_rendering=Auto color=AbsoluteColor { components: ColorComponents(0.0, 0.0, 0.0), alpha: 1.0, color_space: Srgb, flags: ColorFlags(16) }
                 word_spacing=Length(0.0 px) letter_spacing=GenericLetterSpacing(Length(0.0 px))
  text:          unicode_bidi=Normal text_decoration_line=TextDecorationLine(0)
                 text_overflow=TextOverflow { first: Clip, second: Clip, sides_are_logical: true }
  font:          font_family=FontFamily { families: FontFamilyList { list: ArcSlice(HeaderSlice { header: 17578661999652631539, slice: [Generic(Serif)] }) }, is_system_font: false, is_initial: false } font_size=FontSize { computed_size: NonNegative(80.0 px), used_size: NonNegative(80.0 px), keyword_info: KeywordInfo { kw: None, factor: 1.0, offset: 0.0 px } }
                 font_stretch=FontStretch(FixedPoint { value: 6400 }) font_style=FontStyle(FixedPoint { value: 0 })
                 font_weight=FontWeight(FixedPoint { value: 25600 })
  inherited_ui:  cursor=GenericCursor { images: [], keyword: Auto } pointer_events=Auto
  effects:       filter=OwnedList([]) opacity=1.0
  position:      width=Auto height=Auto
[SVG_STYLES] <text>
  inherited:     fill=GenericSVGPaint { kind: Color(Absolute(AbsoluteColor { components: ColorComponents(0.0, 0.5019608, 0.0), alpha: 1.0, color_space: Srgb, flags: ColorFlags(16) })), fallback: Unset }
                 fill_opacity=Opacity(1.0)
                 fill_rule=Nonzero
                 stroke=GenericSVGPaint { kind: None, fallback: Unset }
                 stroke_width=LengthPercentage(NonNegative(Length(1.0 px)))
                 stroke_opacity=Opacity(1.0)
                 stroke_linecap=Butt
                 stroke_linejoin=Miter
                 stroke_miterlimit=NonNegative(4.0)
                 stroke_dasharray=Values([])
                 stroke_dashoffset=LengthPercentage(Length(0.0 px))
                 clip_rule=Nonzero
                 paint_order=SVGPaintOrder(54)
                 text_anchor=Start
                 color_interpolation=Auto
                 color_interpolation_filters=Auto
                 shape_rendering=Auto
                 marker_start=None
                 marker_mid=None
                 marker_end=None
  svg:           cx=Length(0.0 px) cy=Length(0.0 px) r=NonNegative(Length(0.0 px)) rx=Auto ry=Auto x=Length(0.0 px) y=Length(0.0 px)
                 d=None
                 vector_effect=VectorEffect(0)
                 flood_color=Absolute(AbsoluteColor { components: ColorComponents(0.0, 0.0, 0.0), alpha: 1.0, color_space: Srgb, flags: ColorFlags(16) })
                 flood_opacity=1.0
                 lighting_color=Absolute(AbsoluteColor { components: ColorComponents(1.0, 1.0, 1.0), alpha: 1.0, color_space: Srgb, flags: ColorFlags(16) })
                 stop_color=Absolute(AbsoluteColor { components: ColorComponents(0.0, 0.0, 0.0), alpha: 1.0, color_space: Srgb, flags: ColorFlags(16) }) stop_opacity=1.0
                 clip_path=None
                 mask_image=OwnedList([none]) mask_type=Luminance mask_mode=OwnedList([MatchSource])
                 mask_clip=OwnedList([BorderBox]) mask_origin=OwnedList([BorderBox]) mask_composite=OwnedList([Add])
                 mask_position_x=OwnedList([Percentage(Percentage(0.0))]) mask_position_y=OwnedList([Percentage(Percentage(0.0))])
                 mask_repeat=OwnedList([BackgroundRepeat(Repeat, Repeat)]) mask_size=OwnedList([ExplicitSize { width: Auto, height: Auto }])
  inherited_box: dominant_baseline=Auto visibility=Visible
                 direction=Ltr writing_mode=HorizontalTb
  box:           alignment_baseline=Baseline baseline_shift=Length(Length(0.0 px))
                 display=Display(0) overflow_x=Visible overflow_y=Visible
  inherited_text: text_rendering=Auto color=AbsoluteColor { components: ColorComponents(0.0, 0.0, 0.0), alpha: 1.0, color_space: Srgb, flags: ColorFlags(16) }
                 word_spacing=Length(0.0 px) letter_spacing=GenericLetterSpacing(Length(0.0 px))
  text:          unicode_bidi=Normal text_decoration_line=TextDecorationLine(0)
                 text_overflow=TextOverflow { first: Clip, second: Clip, sides_are_logical: true }
  font:          font_family=FontFamily { families: FontFamilyList { list: ArcSlice(HeaderSlice { header: 17578661999652631539, slice: [Generic(Serif)] }) }, is_system_font: false, is_initial: false } font_size=FontSize { computed_size: NonNegative(80.0 px), used_size: NonNegative(80.0 px), keyword_info: KeywordInfo { kw: None, factor: 1.0, offset: 0.0 px } }
                 font_stretch=FontStretch(FixedPoint { value: 6400 }) font_style=FontStyle(FixedPoint { value: 0 })
                 font_weight=FontWeight(FixedPoint { value: 25600 })
  inherited_ui:  cursor=GenericCursor { images: [], keyword: Auto } pointer_events=Auto
  effects:       filter=OwnedList([]) opacity=0.4
  position:      width=Auto height=Auto
[SVG_STYLES] <svg>
  inherited:     fill=GenericSVGPaint { kind: Color(Absolute(AbsoluteColor { components: ColorComponents(0.0, 0.5019608, 0.0), alpha: 1.0, color_space: Srgb, flags: ColorFlags(16) })), fallback: Unset }
                 fill_opacity=Opacity(1.0)
                 fill_rule=Nonzero
                 stroke=GenericSVGPaint { kind: Color(Absolute(AbsoluteColor { components: ColorComponents(1.0, 0.0, 0.0), alpha: 1.0, color_space: Srgb, flags: ColorFlags(16) })), fallback: Unset }
                 stroke_width=LengthPercentage(NonNegative(Length(4.0 px)))
                 stroke_opacity=Opacity(1.0)
                 stroke_linecap=Butt
                 stroke_linejoin=Miter
                 stroke_miterlimit=NonNegative(4.0)
                 stroke_dasharray=Values([])
                 stroke_dashoffset=LengthPercentage(Length(0.0 px))
                 clip_rule=Nonzero
                 paint_order=SVGPaintOrder(0)
                 text_anchor=Start
                 color_interpolation=Srgb
                 color_interpolation_filters=Linearrgb
                 shape_rendering=Auto
                 marker_start=None
                 marker_mid=None
                 marker_end=None
  svg:           cx=Length(0.0 px) cy=Length(0.0 px) r=NonNegative(Length(0.0 px)) rx=Auto ry=Auto x=Length(0.0 px) y=Length(0.0 px)
                 d=None
                 vector_effect=VectorEffect(0)
                 flood_color=Absolute(AbsoluteColor { components: ColorComponents(0.0, 0.0, 0.0), alpha: 1.0, color_space: Srgb, flags: ColorFlags(16) })
                 flood_opacity=1.0
                 lighting_color=Absolute(AbsoluteColor { components: ColorComponents(1.0, 1.0, 1.0), alpha: 1.0, color_space: Srgb, flags: ColorFlags(16) })
                 stop_color=Absolute(AbsoluteColor { components: ColorComponents(0.0, 0.0, 0.0), alpha: 1.0, color_space: Srgb, flags: ColorFlags(16) }) stop_opacity=1.0
                 clip_path=None
                 mask_image=OwnedList([none]) mask_type=Luminance mask_mode=OwnedList([MatchSource])
                 mask_clip=OwnedList([BorderBox]) mask_origin=OwnedList([BorderBox]) mask_composite=OwnedList([Add])
                 mask_position_x=OwnedList([Percentage(Percentage(0.0))]) mask_position_y=OwnedList([Percentage(Percentage(0.0))])
                 mask_repeat=OwnedList([BackgroundRepeat(Repeat, Repeat)]) mask_size=OwnedList([ExplicitSize { width: Auto, height: Auto }])
  inherited_box: dominant_baseline=Auto visibility=Visible
                 direction=Ltr writing_mode=HorizontalTb
  box:           alignment_baseline=Baseline baseline_shift=Length(Length(0.0 px))
                 display=Display(258) overflow_x=Visible overflow_y=Visible
  inherited_text: text_rendering=Auto color=AbsoluteColor { components: ColorComponents(0.0, 0.0, 0.0), alpha: 1.0, color_space: Srgb, flags: ColorFlags(16) }
                 word_spacing=Length(0.0 px) letter_spacing=GenericLetterSpacing(Length(0.0 px))
  text:          unicode_bidi=Normal text_decoration_line=TextDecorationLine(0)
                 text_overflow=TextOverflow { first: Clip, second: Clip, sides_are_logical: true }
  font:          font_family=FontFamily { families: FontFamilyList { list: ArcSlice(HeaderSlice { header: 17578661999652631539, slice: [Generic(Serif)] }) }, is_system_font: false, is_initial: false } font_size=FontSize { computed_size: NonNegative(16.0 px), used_size: NonNegative(16.0 px), keyword_info: KeywordInfo { kw: Medium, factor: 1.0, offset: 0.0 px } }
                 font_stretch=FontStretch(FixedPoint { value: 6400 }) font_style=FontStyle(FixedPoint { value: 0 })
                 font_weight=FontWeight(FixedPoint { value: 25600 })
  inherited_ui:  cursor=GenericCursor { images: [], keyword: Auto } pointer_events=Auto
  effects:       filter=OwnedList([]) opacity=1.0
  position:      width=LengthPercentage(NonNegative(Length(700.0 px))) height=LengthPercentage(NonNegative(Length(300.0 px)))
[SVG_STYLES] <svg>
  inherited:     fill=GenericSVGPaint { kind: Color(Absolute(AbsoluteColor { components: ColorComponents(0.0, 0.5019608, 0.0), alpha: 1.0, color_space: Srgb, flags: ColorFlags(16) })), fallback: Unset }
                 fill_opacity=Opacity(1.0)
                 fill_rule=Nonzero
                 stroke=GenericSVGPaint { kind: None, fallback: Unset }
                 stroke_width=LengthPercentage(NonNegative(Length(1.0 px)))
                 stroke_opacity=Opacity(1.0)
                 stroke_linecap=Butt
                 stroke_linejoin=Miter
                 stroke_miterlimit=NonNegative(4.0)
                 stroke_dasharray=Values([])
                 stroke_dashoffset=LengthPercentage(Length(0.0 px))
                 clip_rule=Nonzero
                 paint_order=SVGPaintOrder(0)
                 text_anchor=End
                 color_interpolation=Auto
                 color_interpolation_filters=Auto
                 shape_rendering=Auto
                 marker_start=None
                 marker_mid=None
                 marker_end=None
  svg:           cx=Length(0.0 px) cy=Length(0.0 px) r=NonNegative(Length(0.0 px)) rx=Auto ry=Auto x=Length(0.0 px) y=Length(0.0 px)
                 d=None
                 vector_effect=VectorEffect(0)
                 flood_color=Absolute(AbsoluteColor { components: ColorComponents(0.0, 0.0, 0.0), alpha: 1.0, color_space: Srgb, flags: ColorFlags(16) })
                 flood_opacity=1.0
                 lighting_color=Absolute(AbsoluteColor { components: ColorComponents(1.0, 1.0, 1.0), alpha: 1.0, color_space: Srgb, flags: ColorFlags(16) })
                 stop_color=Absolute(AbsoluteColor { components: ColorComponents(0.0, 0.0, 0.0), alpha: 1.0, color_space: Srgb, flags: ColorFlags(16) }) stop_opacity=1.0
                 clip_path=None
                 mask_image=OwnedList([none]) mask_type=Luminance mask_mode=OwnedList([MatchSource])
                 mask_clip=OwnedList([BorderBox]) mask_origin=OwnedList([BorderBox]) mask_composite=OwnedList([Add])
                 mask_position_x=OwnedList([Percentage(Percentage(0.0))]) mask_position_y=OwnedList([Percentage(Percentage(0.0))])
                 mask_repeat=OwnedList([BackgroundRepeat(Repeat, Repeat)]) mask_size=OwnedList([ExplicitSize { width: Auto, height: Auto }])
  inherited_box: dominant_baseline=Auto visibility=Visible
                 direction=Ltr writing_mode=HorizontalTb
  box:           alignment_baseline=Baseline baseline_shift=Length(Length(0.0 px))
                 display=Display(258) overflow_x=Visible overflow_y=Visible
  inherited_text: text_rendering=Auto color=AbsoluteColor { components: ColorComponents(0.0, 0.0, 0.0), alpha: 1.0, color_space: Srgb, flags: ColorFlags(16) }
                 word_spacing=Length(0.0 px) letter_spacing=GenericLetterSpacing(Length(0.0 px))
  text:          unicode_bidi=Normal text_decoration_line=TextDecorationLine(0)
                 text_overflow=TextOverflow { first: Clip, second: Clip, sides_are_logical: true }
  font:          font_family=FontFamily { families: FontFamilyList { list: ArcSlice(HeaderSlice { header: 17578661999652631539, slice: [Generic(Serif)] }) }, is_system_font: false, is_initial: false } font_size=FontSize { computed_size: NonNegative(80.0 px), used_size: NonNegative(80.0 px), keyword_info: KeywordInfo { kw: None, factor: 1.0, offset: 0.0 px } }
                 font_stretch=FontStretch(FixedPoint { value: 6400 }) font_style=FontStyle(FixedPoint { value: 0 })
                 font_weight=FontWeight(FixedPoint { value: 25600 })
  inherited_ui:  cursor=GenericCursor { images: [], keyword: Auto } pointer_events=Auto
  effects:       filter=OwnedList([]) opacity=0.9
  position:      width=LengthPercentage(NonNegative(Length(700.0 px))) height=LengthPercentage(NonNegative(Length(500.0 px)))
[SVG_STYLES] <svg>
  inherited:     fill=GenericSVGPaint { kind: Color(Absolute(AbsoluteColor { components: ColorComponents(0.0, 0.5019608, 0.0), alpha: 1.0, color_space: Srgb, flags: ColorFlags(16) })), fallback: Unset }
                 fill_opacity=Opacity(1.0)
                 fill_rule=Nonzero
                 stroke=GenericSVGPaint { kind: Color(Absolute(AbsoluteColor { components: ColorComponents(1.0, 0.0, 0.0), alpha: 1.0, color_space: Srgb, flags: ColorFlags(16) })), fallback: Unset }
                 stroke_width=LengthPercentage(NonNegative(Length(4.0 px)))
                 stroke_opacity=Opacity(1.0)
                 stroke_linecap=Butt
                 stroke_linejoin=Miter
                 stroke_miterlimit=NonNegative(4.0)
                 stroke_dasharray=Values([])
                 stroke_dashoffset=LengthPercentage(Length(0.0 px))
                 clip_rule=Nonzero
                 paint_order=SVGPaintOrder(0)
                 text_anchor=Start
                 color_interpolation=Srgb
                 color_interpolation_filters=Linearrgb
                 shape_rendering=Auto
                 marker_start=None
                 marker_mid=None
                 marker_end=None
  svg:           cx=Length(0.0 px) cy=Length(0.0 px) r=NonNegative(Length(0.0 px)) rx=Auto ry=Auto x=Length(0.0 px) y=Length(0.0 px)
                 d=None
                 vector_effect=VectorEffect(0)
                 flood_color=Absolute(AbsoluteColor { components: ColorComponents(0.0, 0.0, 0.0), alpha: 1.0, color_space: Srgb, flags: ColorFlags(16) })
                 flood_opacity=1.0
                 lighting_color=Absolute(AbsoluteColor { components: ColorComponents(1.0, 1.0, 1.0), alpha: 1.0, color_space: Srgb, flags: ColorFlags(16) })
                 stop_color=Absolute(AbsoluteColor { components: ColorComponents(0.0, 0.0, 0.0), alpha: 1.0, color_space: Srgb, flags: ColorFlags(16) }) stop_opacity=1.0
                 clip_path=None
                 mask_image=OwnedList([none]) mask_type=Luminance mask_mode=OwnedList([MatchSource])
                 mask_clip=OwnedList([BorderBox]) mask_origin=OwnedList([BorderBox]) mask_composite=OwnedList([Add])
                 mask_position_x=OwnedList([Percentage(Percentage(0.0))]) mask_position_y=OwnedList([Percentage(Percentage(0.0))])
                 mask_repeat=OwnedList([BackgroundRepeat(Repeat, Repeat)]) mask_size=OwnedList([ExplicitSize { width: Auto, height: Auto }])
  inherited_box: dominant_baseline=Auto visibility=Visible
                 direction=Ltr writing_mode=HorizontalTb
  box:           alignment_baseline=Baseline baseline_shift=Length(Length(0.0 px))
                 display=Display(258) overflow_x=Visible overflow_y=Visible
  inherited_text: text_rendering=Auto color=AbsoluteColor { components: ColorComponents(0.0, 0.0, 0.0), alpha: 1.0, color_space: Srgb, flags: ColorFlags(16) }
                 word_spacing=Length(0.0 px) letter_spacing=GenericLetterSpacing(Length(0.0 px))
  text:          unicode_bidi=Normal text_decoration_line=TextDecorationLine(0)
                 text_overflow=TextOverflow { first: Clip, second: Clip, sides_are_logical: true }
  font:          font_family=FontFamily { families: FontFamilyList { list: ArcSlice(HeaderSlice { header: 17578661999652631539, slice: [Generic(Serif)] }) }, is_system_font: false, is_initial: false } font_size=FontSize { computed_size: NonNegative(16.0 px), used_size: NonNegative(16.0 px), keyword_info: KeywordInfo { kw: Medium, factor: 1.0, offset: 0.0 px } }
                 font_stretch=FontStretch(FixedPoint { value: 6400 }) font_style=FontStyle(FixedPoint { value: 0 })
                 font_weight=FontWeight(FixedPoint { value: 25600 })
  inherited_ui:  cursor=GenericCursor { images: [], keyword: Auto } pointer_events=Auto
  effects:       filter=OwnedList([]) opacity=1.0
  position:      width=LengthPercentage(NonNegative(Length(700.0 px))) height=LengthPercentage(NonNegative(Length(300.0 px)))
[SVG_STYLES] <svg>
  inherited:     fill=GenericSVGPaint { kind: Color(Absolute(AbsoluteColor { components: ColorComponents(0.0, 0.5019608, 0.0), alpha: 1.0, color_space: Srgb, flags: ColorFlags(16) })), fallback: Unset }
                 fill_opacity=Opacity(1.0)
                 fill_rule=Nonzero
                 stroke=GenericSVGPaint { kind: None, fallback: Unset }
                 stroke_width=LengthPercentage(NonNegative(Length(1.0 px)))
                 stroke_opacity=Opacity(1.0)
                 stroke_linecap=Butt
                 stroke_linejoin=Miter
                 stroke_miterlimit=NonNegative(4.0)
                 stroke_dasharray=Values([])
                 stroke_dashoffset=LengthPercentage(Length(0.0 px))
                 clip_rule=Nonzero
                 paint_order=SVGPaintOrder(0)
                 text_anchor=End
                 color_interpolation=Auto
                 color_interpolation_filters=Auto
                 shape_rendering=Auto
                 marker_start=None
                 marker_mid=None
                 marker_end=None
  svg:           cx=Length(0.0 px) cy=Length(0.0 px) r=NonNegative(Length(0.0 px)) rx=Auto ry=Auto x=Length(0.0 px) y=Length(0.0 px)
                 d=None
                 vector_effect=VectorEffect(0)
                 flood_color=Absolute(AbsoluteColor { components: ColorComponents(0.0, 0.0, 0.0), alpha: 1.0, color_space: Srgb, flags: ColorFlags(16) })
                 flood_opacity=1.0
                 lighting_color=Absolute(AbsoluteColor { components: ColorComponents(1.0, 1.0, 1.0), alpha: 1.0, color_space: Srgb, flags: ColorFlags(16) })
                 stop_color=Absolute(AbsoluteColor { components: ColorComponents(0.0, 0.0, 0.0), alpha: 1.0, color_space: Srgb, flags: ColorFlags(16) }) stop_opacity=1.0
                 clip_path=None
                 mask_image=OwnedList([none]) mask_type=Luminance mask_mode=OwnedList([MatchSource])
                 mask_clip=OwnedList([BorderBox]) mask_origin=OwnedList([BorderBox]) mask_composite=OwnedList([Add])
                 mask_position_x=OwnedList([Percentage(Percentage(0.0))]) mask_position_y=OwnedList([Percentage(Percentage(0.0))])
                 mask_repeat=OwnedList([BackgroundRepeat(Repeat, Repeat)]) mask_size=OwnedList([ExplicitSize { width: Auto, height: Auto }])
  inherited_box: dominant_baseline=Auto visibility=Visible
                 direction=Ltr writing_mode=HorizontalTb
  box:           alignment_baseline=Baseline baseline_shift=Length(Length(0.0 px))
                 display=Display(258) overflow_x=Visible overflow_y=Visible
  inherited_text: text_rendering=Auto color=AbsoluteColor { components: ColorComponents(0.0, 0.0, 0.0), alpha: 1.0, color_space: Srgb, flags: ColorFlags(16) }
                 word_spacing=Length(0.0 px) letter_spacing=GenericLetterSpacing(Length(0.0 px))
  text:          unicode_bidi=Normal text_decoration_line=TextDecorationLine(0)
                 text_overflow=TextOverflow { first: Clip, second: Clip, sides_are_logical: true }
  font:          font_family=FontFamily { families: FontFamilyList { list: ArcSlice(HeaderSlice { header: 17578661999652631539, slice: [Generic(Serif)] }) }, is_system_font: false, is_initial: false } font_size=FontSize { computed_size: NonNegative(80.0 px), used_size: NonNegative(80.0 px), keyword_info: KeywordInfo { kw: None, factor: 1.0, offset: 0.0 px } }
                 font_stretch=FontStretch(FixedPoint { value: 6400 }) font_style=FontStyle(FixedPoint { value: 0 })
                 font_weight=FontWeight(FixedPoint { value: 25600 })
  inherited_ui:  cursor=GenericCursor { images: [], keyword: Auto } pointer_events=Auto
  effects:       filter=OwnedList([]) opacity=0.9
  position:      width=LengthPercentage(NonNegative(Length(700.0 px))) height=LengthPercentage(NonNegative(Length(500.0 px)))
[SVG_STYLES] <svg>
  inherited:     fill=GenericSVGPaint { kind: Color(Absolute(AbsoluteColor { components: ColorComponents(0.0, 0.5019608, 0.0), alpha: 1.0, color_space: Srgb, flags: ColorFlags(16) })), fallback: Unset }
                 fill_opacity=Opacity(1.0)
                 fill_rule=Nonzero
                 stroke=GenericSVGPaint { kind: Color(Absolute(AbsoluteColor { components: ColorComponents(1.0, 0.0, 0.0), alpha: 1.0, color_space: Srgb, flags: ColorFlags(16) })), fallback: Unset }
                 stroke_width=LengthPercentage(NonNegative(Length(4.0 px)))
                 stroke_opacity=Opacity(1.0)
                 stroke_linecap=Butt
                 stroke_linejoin=Miter
                 stroke_miterlimit=NonNegative(4.0)
                 stroke_dasharray=Values([])
                 stroke_dashoffset=LengthPercentage(Length(0.0 px))
                 clip_rule=Nonzero
                 paint_order=SVGPaintOrder(0)
                 text_anchor=Start
                 color_interpolation=Srgb
                 color_interpolation_filters=Linearrgb
                 shape_rendering=Auto
                 marker_start=None
                 marker_mid=None
                 marker_end=None
  svg:           cx=Length(0.0 px) cy=Length(0.0 px) r=NonNegative(Length(0.0 px)) rx=Auto ry=Auto x=Length(0.0 px) y=Length(0.0 px)
                 d=None
                 vector_effect=VectorEffect(0)
                 flood_color=Absolute(AbsoluteColor { components: ColorComponents(0.0, 0.0, 0.0), alpha: 1.0, color_space: Srgb, flags: ColorFlags(16) })
                 flood_opacity=1.0
                 lighting_color=Absolute(AbsoluteColor { components: ColorComponents(1.0, 1.0, 1.0), alpha: 1.0, color_space: Srgb, flags: ColorFlags(16) })
                 stop_color=Absolute(AbsoluteColor { components: ColorComponents(0.0, 0.0, 0.0), alpha: 1.0, color_space: Srgb, flags: ColorFlags(16) }) stop_opacity=1.0
                 clip_path=None
                 mask_image=OwnedList([none]) mask_type=Luminance mask_mode=OwnedList([MatchSource])
                 mask_clip=OwnedList([BorderBox]) mask_origin=OwnedList([BorderBox]) mask_composite=OwnedList([Add])
                 mask_position_x=OwnedList([Percentage(Percentage(0.0))]) mask_position_y=OwnedList([Percentage(Percentage(0.0))])
                 mask_repeat=OwnedList([BackgroundRepeat(Repeat, Repeat)]) mask_size=OwnedList([ExplicitSize { width: Auto, height: Auto }])
  inherited_box: dominant_baseline=Auto visibility=Visible
                 direction=Ltr writing_mode=HorizontalTb
  box:           alignment_baseline=Baseline baseline_shift=Length(Length(0.0 px))
                 display=Display(258) overflow_x=Visible overflow_y=Visible
  inherited_text: text_rendering=Auto color=AbsoluteColor { components: ColorComponents(0.0, 0.0, 0.0), alpha: 1.0, color_space: Srgb, flags: ColorFlags(16) }
                 word_spacing=Length(0.0 px) letter_spacing=GenericLetterSpacing(Length(0.0 px))
  text:          unicode_bidi=Normal text_decoration_line=TextDecorationLine(0)
                 text_overflow=TextOverflow { first: Clip, second: Clip, sides_are_logical: true }
  font:          font_family=FontFamily { families: FontFamilyList { list: ArcSlice(HeaderSlice { header: 17578661999652631539, slice: [Generic(Serif)] }) }, is_system_font: false, is_initial: false } font_size=FontSize { computed_size: NonNegative(16.0 px), used_size: NonNegative(16.0 px), keyword_info: KeywordInfo { kw: Medium, factor: 1.0, offset: 0.0 px } }
                 font_stretch=FontStretch(FixedPoint { value: 6400 }) font_style=FontStyle(FixedPoint { value: 0 })
                 font_weight=FontWeight(FixedPoint { value: 25600 })
  inherited_ui:  cursor=GenericCursor { images: [], keyword: Auto } pointer_events=Auto
  effects:       filter=OwnedList([]) opacity=1.0
  position:      width=LengthPercentage(NonNegative(Length(700.0 px))) height=LengthPercentage(NonNegative(Length(300.0 px)))
[SVG_STYLES] <svg>
  inherited:     fill=GenericSVGPaint { kind: Color(Absolute(AbsoluteColor { components: ColorComponents(0.0, 0.5019608, 0.0), alpha: 1.0, color_space: Srgb, flags: ColorFlags(16) })), fallback: Unset }
                 fill_opacity=Opacity(1.0)
                 fill_rule=Nonzero
                 stroke=GenericSVGPaint { kind: None, fallback: Unset }
                 stroke_width=LengthPercentage(NonNegative(Length(1.0 px)))
                 stroke_opacity=Opacity(1.0)
                 stroke_linecap=Butt
                 stroke_linejoin=Miter
                 stroke_miterlimit=NonNegative(4.0)
                 stroke_dasharray=Values([])
                 stroke_dashoffset=LengthPercentage(Length(0.0 px))
                 clip_rule=Nonzero
                 paint_order=SVGPaintOrder(0)
                 text_anchor=End
                 color_interpolation=Auto
                 color_interpolation_filters=Auto
                 shape_rendering=Auto
                 marker_start=None
                 marker_mid=None
                 marker_end=None
  svg:           cx=Length(0.0 px) cy=Length(0.0 px) r=NonNegative(Length(0.0 px)) rx=Auto ry=Auto x=Length(0.0 px) y=Length(0.0 px)
                 d=None
                 vector_effect=VectorEffect(0)
                 flood_color=Absolute(AbsoluteColor { components: ColorComponents(0.0, 0.0, 0.0), alpha: 1.0, color_space: Srgb, flags: ColorFlags(16) })
                 flood_opacity=1.0
                 lighting_color=Absolute(AbsoluteColor { components: ColorComponents(1.0, 1.0, 1.0), alpha: 1.0, color_space: Srgb, flags: ColorFlags(16) })
                 stop_color=Absolute(AbsoluteColor { components: ColorComponents(0.0, 0.0, 0.0), alpha: 1.0, color_space: Srgb, flags: ColorFlags(16) }) stop_opacity=1.0
                 clip_path=None
                 mask_image=OwnedList([none]) mask_type=Luminance mask_mode=OwnedList([MatchSource])
                 mask_clip=OwnedList([BorderBox]) mask_origin=OwnedList([BorderBox]) mask_composite=OwnedList([Add])
                 mask_position_x=OwnedList([Percentage(Percentage(0.0))]) mask_position_y=OwnedList([Percentage(Percentage(0.0))])
                 mask_repeat=OwnedList([BackgroundRepeat(Repeat, Repeat)]) mask_size=OwnedList([ExplicitSize { width: Auto, height: Auto }])
  inherited_box: dominant_baseline=Auto visibility=Visible
                 direction=Ltr writing_mode=HorizontalTb
  box:           alignment_baseline=Baseline baseline_shift=Length(Length(0.0 px))
                 display=Display(258) overflow_x=Visible overflow_y=Visible
  inherited_text: text_rendering=Auto color=AbsoluteColor { components: ColorComponents(0.0, 0.0, 0.0), alpha: 1.0, color_space: Srgb, flags: ColorFlags(16) }
                 word_spacing=Length(0.0 px) letter_spacing=GenericLetterSpacing(Length(0.0 px))
  text:          unicode_bidi=Normal text_decoration_line=TextDecorationLine(0)
                 text_overflow=TextOverflow { first: Clip, second: Clip, sides_are_logical: true }
  font:          font_family=FontFamily { families: FontFamilyList { list: ArcSlice(HeaderSlice { header: 17578661999652631539, slice: [Generic(Serif)] }) }, is_system_font: false, is_initial: false } font_size=FontSize { computed_size: NonNegative(80.0 px), used_size: NonNegative(80.0 px), keyword_info: KeywordInfo { kw: None, factor: 1.0, offset: 0.0 px } }
                 font_stretch=FontStretch(FixedPoint { value: 6400 }) font_style=FontStyle(FixedPoint { value: 0 })
                 font_weight=FontWeight(FixedPoint { value: 25600 })
  inherited_ui:  cursor=GenericCursor { images: [], keyword: Auto } pointer_events=Auto
  effects:       filter=OwnedList([]) opacity=0.9
  position:      width=LengthPercentage(NonNegative(Length(700.0 px))) height=LengthPercentage(NonNegative(Length(500.0 px)))
